
Memory Configuration

Name             Origin             Length             Attributes
*default*        0x0000000000000000 0xffffffffffffffff

Linker script and memory map

LOAD ./pr3_lab.o
LOAD c:/software/electronica/eclipserv/sysgcc/bin/../lib/gcc/riscv64-unknown-elf/10.1.0/rv32im/ilp32\libgcc.a
START GROUP
LOAD c:/software/electronica/eclipserv/sysgcc/bin/../lib/gcc/riscv64-unknown-elf/10.1.0/../../../../riscv64-unknown-elf/lib/rv32im/ilp32\libc.a
LOAD c:/software/electronica/eclipserv/sysgcc/bin/../lib/gcc/riscv64-unknown-elf/10.1.0/../../../../riscv64-unknown-elf/lib/rv32im/ilp32\libgloss.a
END GROUP
LOAD c:/software/electronica/eclipserv/sysgcc/bin/../lib/gcc/riscv64-unknown-elf/10.1.0/rv32im/ilp32\libgcc.a
                0x0000000000000000                . = 0x0

.text           0x0000000000000000      0x174
 *(.text)
 .text          0x0000000000000000      0x174 ./pr3_lab.o
                0x0000000000000000                main

.rela.dyn       0x0000000000000174        0x0
 .rela.text     0x0000000000000174        0x0 ./pr3_lab.o
                0x0000000000010000                . = 0x10000

.data           0x0000000000010000       0x24
 *(.data)
 .data          0x0000000000010000       0x24 ./pr3_lab.o

.bss            0x0000000000010024       0x1c
 *(.bss)
 .bss           0x0000000000010024       0x1c ./pr3_lab.o

.rodata
 *(.rodata)
                0x0000000000020000                PROVIDE (_stack = 0x20000)
OUTPUT(pr3_lab.elf elf32-littleriscv)

.riscv.attributes
                0x0000000000000000       0x1f
 .riscv.attributes
                0x0000000000000000       0x1f ./pr3_lab.o

.debug_line     0x0000000000000000      0x21f
 .debug_line    0x0000000000000000      0x21f ./pr3_lab.o

.debug_info     0x0000000000000000       0x26
 .debug_info    0x0000000000000000       0x26 ./pr3_lab.o

.debug_abbrev   0x0000000000000000       0x14
 .debug_abbrev  0x0000000000000000       0x14 ./pr3_lab.o

.debug_aranges  0x0000000000000000       0x20
 .debug_aranges
                0x0000000000000000       0x20 ./pr3_lab.o

.debug_str      0x0000000000000000       0x3b
 .debug_str     0x0000000000000000       0x3b ./pr3_lab.o
