
Discarded input sections

 .group         0x0000000000000000        0xc ./pr4_lab.o

Memory Configuration

Name             Origin             Length             Attributes
*default*        0x0000000000000000 0xffffffffffffffff

Linker script and memory map

LOAD ./fun_asm.o
LOAD ./pr4_lab.o
LOAD c:/software/electronica/eclipserv/sysgcc/bin/../lib/gcc/riscv64-unknown-elf/10.1.0/rv32im/ilp32\libgcc.a
START GROUP
LOAD c:/software/electronica/eclipserv/sysgcc/bin/../lib/gcc/riscv64-unknown-elf/10.1.0/../../../../riscv64-unknown-elf/lib/rv32im/ilp32\libc.a
LOAD c:/software/electronica/eclipserv/sysgcc/bin/../lib/gcc/riscv64-unknown-elf/10.1.0/../../../../riscv64-unknown-elf/lib/rv32im/ilp32\libgloss.a
END GROUP
LOAD c:/software/electronica/eclipserv/sysgcc/bin/../lib/gcc/riscv64-unknown-elf/10.1.0/rv32im/ilp32\libgcc.a
                0x0000000000000000                . = 0x0

.text           0x0000000000000000      0x110
 *(.text)
 .text          0x0000000000000000      0x110 ./fun_asm.o
                0x0000000000000000                eucl_dist
                0x0000000000000070                guardar
                0x0000000000000098                guardar_vector
 .text          0x0000000000000110        0x0 ./pr4_lab.o

.text.mul       0x0000000000000110       0x84
 .text.mul      0x0000000000000110       0x84 ./pr4_lab.o
                0x0000000000000110                mul

.text.i_sqrt    0x0000000000000194       0x58
 .text.i_sqrt   0x0000000000000194       0x58 ./pr4_lab.o
                0x0000000000000194                i_sqrt

.text.guardar_word
                0x00000000000001ec       0x30
 .text.guardar_word
                0x00000000000001ec       0x30 ./pr4_lab.o
                0x00000000000001ec                guardar_word

.text.main      0x000000000000021c       0xa4
 .text.main     0x000000000000021c       0xa4 ./pr4_lab.o
                0x000000000000021c                main
                0x0000000000010000                . = 0x10000

.data           0x0000000000010000        0x0
 *(.data)
 .data          0x0000000000010000        0x0 ./fun_asm.o
 .data          0x0000000000010000        0x0 ./pr4_lab.o

.data.U         0x0000000000010000       0x14
 .data.U        0x0000000000010000       0x14 ./pr4_lab.o
                0x0000000000010000                U

.data.V         0x0000000000010014       0x14
 .data.V        0x0000000000010014       0x14 ./pr4_lab.o
                0x0000000000010014                V

.bss            0x0000000000010028        0x0
 *(.bss)
 .bss           0x0000000000010028        0x0 ./fun_asm.o
 .bss           0x0000000000010028        0x0 ./pr4_lab.o

.sbss.mayor_u   0x0000000000010028        0x1
 .sbss.mayor_u  0x0000000000010028        0x1 ./pr4_lab.o
                0x0000000000010028                mayor_u

.bss.MAY        0x000000000001002c       0x14
 .bss.MAY       0x000000000001002c       0x14 ./pr4_lab.o
                0x000000000001002c                MAY

.rodata
 *(.rodata)
                [!provide]                        PROVIDE (_stack = 0x20000)
OUTPUT(pr4_lab.elf elf32-littleriscv)

.riscv.attributes
                0x0000000000000000       0x21
 .riscv.attributes
                0x0000000000000000       0x1f ./fun_asm.o
 .riscv.attributes
                0x000000000000001f       0x21 ./pr4_lab.o

.comment        0x0000000000000000       0x12
 .comment       0x0000000000000000       0x12 ./pr4_lab.o
                                         0x13 (size before relaxing)

.debug_line     0x0000000000000000      0x352
 .debug_line    0x0000000000000000      0x1d1 ./fun_asm.o
 .debug_line    0x00000000000001d1      0x181 ./pr4_lab.o

.debug_info     0x0000000000000000      0x1be
 .debug_info    0x0000000000000000       0x26 ./fun_asm.o
 .debug_info    0x0000000000000026      0x198 ./pr4_lab.o

.debug_abbrev   0x0000000000000000      0x136
 .debug_abbrev  0x0000000000000000       0x14 ./fun_asm.o
 .debug_abbrev  0x0000000000000014      0x122 ./pr4_lab.o

.debug_aranges  0x0000000000000000       0x58
 .debug_aranges
                0x0000000000000000       0x20 ./fun_asm.o
 .debug_aranges
                0x0000000000000020       0x38 ./pr4_lab.o

.debug_str      0x0000000000000000     0x242e
 .debug_str     0x0000000000000000       0x3b ./fun_asm.o
 .debug_str     0x000000000000003b     0x23f3 ./pr4_lab.o
                                       0x2405 (size before relaxing)

.debug_ranges   0x0000000000000000       0x28
 .debug_ranges  0x0000000000000000       0x28 ./pr4_lab.o

.debug_macro    0x0000000000000000      0x6ff
 .debug_macro   0x0000000000000000       0x17 ./pr4_lab.o
 .debug_macro   0x0000000000000017      0x6e8 ./pr4_lab.o

.debug_frame    0x0000000000000000       0x9c
 .debug_frame   0x0000000000000000       0x9c ./pr4_lab.o
